iNEXT.3D version: 1.0.12 | nboot = 500
Taxa: ps_individual = 4386, tree_ps = 4386, shared and in tree = 4386
PD reference time (tree height): 0.8733
Found more than one class "phylo" in cache; using the first, from namespace 'phyloseq'
Also defined by ‘tidytree’
Sampling units per habitat (plants): forest=25, subparamo=20, paramo=15
Sampling units per habitat (roots):  forest=50, subparamo=40, paramo=30
Unique_ID not found in tree_ps sample data; cross-check skipped.
Coverage level for standardised estimates: 0.600015
Running iNEXT3D TD (plant units) ...
Running iNEXT3D PD (plant units) ...
Running coverage-standardised estimates (plant units) ...
Running iNEXT3D TD (root-sample units) ...
Running iNEXT3D PD (root-sample units) ...
Running coverage-standardised estimates (root-sample units) ...

==== Pairwise habitat comparisons (CI overlap; Holm-adjusted Wald p) ====
       level                 basis diversity q                pair ratio
       plant            asymptotic        PD 0    Forest vs Páramo  2.28
 root_sample            asymptotic        PD 0    Forest vs Páramo  2.11
       plant            asymptotic        PD 0 Forest vs Subpáramo  1.32
 root_sample            asymptotic        PD 0 Forest vs Subpáramo  1.33
       plant            asymptotic        PD 0 Subpáramo vs Páramo  1.72
 root_sample            asymptotic        PD 0 Subpáramo vs Páramo  1.59
       plant            asymptotic        PD 1    Forest vs Páramo  1.85
 root_sample            asymptotic        PD 1    Forest vs Páramo  1.90
       plant            asymptotic        PD 1 Forest vs Subpáramo  1.14
 root_sample            asymptotic        PD 1 Forest vs Subpáramo  1.18
       plant            asymptotic        PD 1 Subpáramo vs Páramo  1.63
 root_sample            asymptotic        PD 1 Subpáramo vs Páramo  1.62
       plant            asymptotic        PD 2    Forest vs Páramo  1.78
 root_sample            asymptotic        PD 2    Forest vs Páramo  1.93
       plant            asymptotic        PD 2 Forest vs Subpáramo  1.22
 root_sample            asymptotic        PD 2 Forest vs Subpáramo  1.31
       plant            asymptotic        PD 2 Subpáramo vs Páramo  1.46
 root_sample            asymptotic        PD 2 Subpáramo vs Páramo  1.47
       plant            asymptotic        TD 0    Forest vs Páramo  2.56
 root_sample            asymptotic        TD 0    Forest vs Páramo  2.35
       plant            asymptotic        TD 0 Forest vs Subpáramo  1.31
 root_sample            asymptotic        TD 0 Forest vs Subpáramo  1.50
       plant            asymptotic        TD 0 Subpáramo vs Páramo  1.95
 root_sample            asymptotic        TD 0 Subpáramo vs Páramo  1.57
       plant            asymptotic        TD 1    Forest vs Páramo  2.23
 root_sample            asymptotic        TD 1    Forest vs Páramo  2.22
       plant            asymptotic        TD 1 Forest vs Subpáramo  1.08
 root_sample            asymptotic        TD 1 Forest vs Subpáramo  1.25
       plant            asymptotic        TD 1 Subpáramo vs Páramo  2.06
 root_sample            asymptotic        TD 1 Subpáramo vs Páramo  1.78
       plant            asymptotic        TD 2    Forest vs Páramo  2.00
 root_sample            asymptotic        TD 2    Forest vs Páramo  2.22
       plant            asymptotic        TD 2 Forest vs Subpáramo  0.99
 root_sample            asymptotic        TD 2 Forest vs Subpáramo  1.18
       plant            asymptotic        TD 2 Subpáramo vs Páramo  2.03
 root_sample            asymptotic        TD 2 Subpáramo vs Páramo  1.89
       plant coverage_standardised        PD 0    Forest vs Páramo  1.91
 root_sample coverage_standardised        PD 0    Forest vs Páramo  1.85
       plant coverage_standardised        PD 0 Forest vs Subpáramo  1.04
 root_sample coverage_standardised        PD 0 Forest vs Subpáramo  1.09
       plant coverage_standardised        PD 0 Subpáramo vs Páramo  1.85
 root_sample coverage_standardised        PD 0 Subpáramo vs Páramo  1.69
       plant coverage_standardised        PD 1    Forest vs Páramo  1.79
 root_sample coverage_standardised        PD 1    Forest vs Páramo  1.87
       plant coverage_standardised        PD 1 Forest vs Subpáramo  1.05
 root_sample coverage_standardised        PD 1 Forest vs Subpáramo  1.14
       plant coverage_standardised        PD 1 Subpáramo vs Páramo  1.71
 root_sample coverage_standardised        PD 1 Subpáramo vs Páramo  1.64
       plant coverage_standardised        PD 2    Forest vs Páramo  1.80
 root_sample coverage_standardised        PD 2    Forest vs Páramo  1.92
       plant coverage_standardised        PD 2 Forest vs Subpáramo  1.21
 root_sample coverage_standardised        PD 2 Forest vs Subpáramo  1.30
       plant coverage_standardised        PD 2 Subpáramo vs Páramo  1.49
 root_sample coverage_standardised        PD 2 Subpáramo vs Páramo  1.48
       plant coverage_standardised        TD 0    Forest vs Páramo  2.20
 root_sample coverage_standardised        TD 0    Forest vs Páramo  2.13
       plant coverage_standardised        TD 0 Forest vs Subpáramo  1.07
 root_sample coverage_standardised        TD 0 Forest vs Subpáramo  1.18
       plant coverage_standardised        TD 0 Subpáramo vs Páramo  2.06
 root_sample coverage_standardised        TD 0 Subpáramo vs Páramo  1.81
       plant coverage_standardised        TD 1    Forest vs Páramo  2.11
 root_sample coverage_standardised        TD 1    Forest vs Páramo  2.15
       plant coverage_standardised        TD 1 Forest vs Subpáramo  1.00
 root_sample coverage_standardised        TD 1 Forest vs Subpáramo  1.16
       plant coverage_standardised        TD 1 Subpáramo vs Páramo  2.11
 root_sample coverage_standardised        TD 1 Subpáramo vs Páramo  1.85
       plant coverage_standardised        TD 2    Forest vs Páramo  2.08
 root_sample coverage_standardised        TD 2    Forest vs Páramo  2.18
       plant coverage_standardised        TD 2 Forest vs Subpáramo  1.04
 root_sample coverage_standardised        TD 2 Forest vs Subpáramo  1.19
       plant coverage_standardised        TD 2 Subpáramo vs Páramo  2.00
 root_sample coverage_standardised        TD 2 Subpáramo vs Páramo  1.83
 ci_overlap    p_holm
      FALSE  6.20e-50
      FALSE  3.73e-47
      FALSE  2.60e-08
      FALSE  5.76e-11
      FALSE  1.35e-17
      FALSE  3.38e-16
      FALSE 7.93e-135
      FALSE 6.85e-177
      FALSE  8.58e-08
      FALSE  6.42e-14
      FALSE  2.75e-53
      FALSE  1.26e-59
      FALSE 4.95e-191
      FALSE 9.38e-278
      FALSE  3.28e-29
      FALSE  1.34e-47
      FALSE  1.13e-54
      FALSE  5.15e-53
      FALSE  4.81e-56
      FALSE  2.60e-68
      FALSE  2.01e-07
      FALSE  1.41e-21
      FALSE  4.68e-21
      FALSE  1.12e-14
      FALSE  7.48e-82
      FALSE 4.09e-124
       TRUE  3.95e-02
      FALSE  7.24e-14
      FALSE  6.59e-40
      FALSE  1.96e-43
      FALSE  3.84e-43
      FALSE  9.03e-59
       TRUE  8.05e-01
      FALSE  5.75e-04
      FALSE  6.57e-24
      FALSE  1.43e-21
      FALSE  5.66e-87
      FALSE 5.51e-107
       TRUE  2.46e-01
      FALSE  4.84e-04
      FALSE  1.52e-51
      FALSE  2.74e-57
      FALSE 5.58e-134
      FALSE 6.07e-188
       TRUE  4.50e-02
      FALSE  4.17e-12
      FALSE  9.46e-73
      FALSE  2.79e-82
      FALSE 1.01e-222
      FALSE 1.14e-271
      FALSE  1.18e-30
      FALSE  1.15e-52
      FALSE  2.20e-71
      FALSE  2.32e-65
      FALSE  1.59e-64
      FALSE  8.42e-97
       TRUE  1.51e-01
      FALSE  2.46e-07
      FALSE  2.71e-29
      FALSE  5.66e-39
      FALSE  1.00e-68
      FALSE 2.64e-106
       TRUE  9.92e-01
      FALSE  8.69e-07
      FALSE  3.98e-35
      FALSE  4.38e-46
      FALSE  5.57e-71
      FALSE  1.55e-95
       TRUE  3.90e-01
      FALSE  4.14e-07
      FALSE  4.74e-33
      FALSE  1.06e-34

==== CI width: plant units relative to root-sample units ====
                 basis diversity q   habitat      plant root_sample
            asymptotic        TD 0    forest 779.251663  454.559815
            asymptotic        TD 1    forest 360.327148  201.046215
            asymptotic        TD 2    forest 222.200096  148.189540
            asymptotic        TD 0    paramo 510.567912  375.435006
            asymptotic        TD 1    paramo 296.644594  174.203416
            asymptotic        TD 2    paramo 197.611857  126.473285
            asymptotic        TD 0 subparamo 795.552664  422.690418
            asymptotic        TD 1 subparamo 498.827216  231.679360
            asymptotic        TD 2 subparamo 366.226207  202.824380
            asymptotic        PD 0    forest  40.555083   31.549992
            asymptotic        PD 1    forest   7.925966    5.484443
            asymptotic        PD 2    forest   3.195123    2.211050
            asymptotic        PD 0    paramo  26.076948   25.166110
            asymptotic        PD 1    paramo   7.346241    5.239214
            asymptotic        PD 2    paramo   3.216341    2.037923
            asymptotic        PD 0 subparamo  39.214783   27.859342
            asymptotic        PD 1 subparamo  10.476689    7.309942
            asymptotic        PD 2 subparamo   3.818637    2.893418
 coverage_standardised        TD 0    forest 270.861163  129.029935
 coverage_standardised        TD 1    forest 194.448120   99.162388
 coverage_standardised        TD 2    forest 133.725924   76.455468
 coverage_standardised        TD 0 subparamo 402.019943  161.712144
 coverage_standardised        TD 1 subparamo 314.175230  122.606361
 coverage_standardised        TD 2 subparamo 208.463679  100.250292
 coverage_standardised        TD 0    paramo 207.011474  123.056182
 coverage_standardised        TD 1    paramo 151.883117   91.789168
 coverage_standardised        TD 2    paramo 101.868812   68.886206
 coverage_standardised        PD 0    forest  13.797134    8.260420
 coverage_standardised        PD 1    forest   5.832796    3.828103
 coverage_standardised        PD 2    forest   2.801927    2.007808
 coverage_standardised        PD 0 subparamo  18.717571   10.334585
 coverage_standardised        PD 1 subparamo   8.211528    4.635474
 coverage_standardised        PD 2 subparamo   3.213171    2.282189
 coverage_standardised        PD 0    paramo  12.278357    8.358385
 coverage_standardised        PD 1    paramo   5.648144    3.697050
 coverage_standardised        PD 2    paramo   2.710466    1.886087
 width_ratio_plant_over_root
                        1.71
                        1.79
                        1.50
                        1.36
                        1.70
                        1.56
                        1.88
                        2.15
                        1.81
                        1.29
                        1.45
                        1.45
                        1.04
                        1.40
                        1.58
                        1.41
                        1.43
                        1.32
                        2.10
                        1.96
                        1.75
                        2.49
                        2.56
                        2.08
                        1.68
                        1.65
                        1.48
                        1.67
                        1.52
                        1.40
                        1.81
                        1.77
                        1.41
                        1.47
                        1.53
                        1.44

Coverage level used for coverage-standardised estimates:
       level diversity coverage
       plant        TD 0.600015
       plant        PD 0.600015
 root_sample        TD 0.600015
 root_sample        PD 0.600015

Done. Outputs written to tables/ and objects/
Figure 3A (plant units) written to figures/Figure_3A_iNEXT_plant_units.png
