Warning message:
In checkDepPackageVersion(dep_pkg = "TMB") :
  Package version inconsistency detected.
glmmTMB was built with TMB version 1.9.16
Current TMB version is 1.9.17
Please re-install glmmTMB from source or restore original ‘TMB’ package (see '?reinstalling' for more information)

==== A-C. Interaction vs additive (negative dAICc favours the interaction) ====
              comparison dAICc_int_vs_add dAICc_add_vs_null     best_by_AICc
        per-plant TD q=0           4.7010           -9.9340   habitat + site
        per-plant TD q=1           4.4640            0.9301        site only
        per-plant TD q=2           5.0370            2.7970        site only
        per-plant PD q=0           6.4070          -10.7300   habitat + site
        per-plant PD q=1          -4.8200           -1.6460   habitat * site
        per-plant PD q=2         -15.6600           -4.0180   habitat * site
           dist_centroid           5.4990           -7.1940   habitat + site
                  NRI_aw           0.3452            3.3980        site only
                  NTI_aw           2.4870            3.1580        site only
  helotiales (elevation)           0.6134           -2.9940 elevation + site
    helotiales (habitat)           1.4600           -2.9510   habitat + site
 sebacinales (elevation)           4.6130           -1.5200 elevation + site
   sebacinales (habitat)           5.1480            2.4970        site only
                                                   verdict
                                   additive clearly better
                                   additive clearly better
                                   additive clearly better
                                   additive clearly better
                                interaction clearly better
                                interaction clearly better
                                   additive clearly better
 additive better by < 2 (equivalent support; keep simpler)
                                   additive clearly better
 additive better by < 2 (equivalent support; keep simpler)
 additive better by < 2 (equivalent support; keep simpler)
                                   additive clearly better
                                   additive clearly better

==== Full model table ====
              comparison            model  k      AICc   dAICc weight_AICc
        per-plant TD q=0        site only  5   78.8400  9.9340   6.319e-03
        per-plant TD q=0   habitat + site  7   68.9100  0.0000   9.072e-01
        per-plant TD q=0   habitat * site 11   73.6100  4.7010   8.646e-02
        per-plant TD q=1        site only  5  111.6000  0.0000   5.898e-01
        per-plant TD q=1   habitat + site  7  112.5000  0.9301   3.704e-01
        per-plant TD q=1   habitat * site 11  117.0000  5.3940   3.975e-02
        per-plant TD q=2        site only  5  114.0000  0.0000   7.894e-01
        per-plant TD q=2   habitat + site  7  116.8000  2.7970   1.949e-01
        per-plant TD q=2   habitat * site 11  121.9000  7.8340   1.571e-02
        per-plant PD q=0        site only  5   55.1400 10.7300   4.480e-03
        per-plant PD q=0   habitat + site  7   44.4100  0.0000   9.567e-01
        per-plant PD q=0   habitat * site 11   50.8200  6.4070   3.886e-02
        per-plant PD q=1        site only  5    6.8260  6.4670   3.491e-02
        per-plant PD q=1   habitat + site  7    5.1800  4.8200   7.953e-02
        per-plant PD q=1   habitat * site 11    0.3597  0.0000   8.856e-01
        per-plant PD q=2        site only  5  -32.5200 19.6800   5.327e-05
        per-plant PD q=2   habitat + site  7  -36.5400 15.6600   3.971e-04
        per-plant PD q=2   habitat * site 11  -52.2000  0.0000   9.995e-01
           dist_centroid        site only  5  341.5000  7.1940   2.511e-02
           dist_centroid   habitat + site  7  334.3000  0.0000   9.163e-01
           dist_centroid   habitat * site 11  339.8000  5.4990   5.859e-02
                  NRI_aw        site only  5  226.9000  0.0000   7.481e-01
                  NRI_aw   habitat + site  7  230.3000  3.3980   1.368e-01
                  NRI_aw   habitat * site 11  230.6000  3.7430   1.151e-01
                  NTI_aw        site only  5  225.0000  0.0000   7.901e-01
                  NTI_aw   habitat + site  7  228.1000  3.1580   1.629e-01
                  NTI_aw   habitat * site 11  230.6000  5.6450   4.697e-02
  helotiales (elevation)        site only  5  -23.3100  2.9940   1.142e-01
  helotiales (elevation) elevation + site  6  -26.3000  0.0000   5.103e-01
  helotiales (elevation) elevation * site  9  -25.6900  0.6134   3.755e-01
    helotiales (habitat)        site only  5  -23.3100  2.9510   1.337e-01
    helotiales (habitat)   habitat + site  7  -26.2600  0.0000   5.846e-01
    helotiales (habitat)   habitat * site 11  -24.8000  1.4600   2.817e-01
 sebacinales (elevation)        site only  5 -170.1000  1.5200   2.984e-01
 sebacinales (elevation) elevation + site  6 -171.6000  0.0000   6.380e-01
 sebacinales (elevation) elevation * site  9 -167.0000  4.6130   6.356e-02
   sebacinales (habitat)        site only  5 -170.1000  0.0000   7.640e-01
   sebacinales (habitat)   habitat + site  7 -167.6000  2.4970   2.193e-01
   sebacinales (habitat)   habitat * site 11 -162.5000  7.6440   1.672e-02
    dAIC    dBIC
 10.9800  6.7880
  0.0000  0.0000
  1.3550  9.7330
  0.1126  0.0000
  0.0000  4.0760
  1.1180 13.5700
  0.0000  0.0000
  1.7550  5.9430
  3.4450 16.0100
 11.7700  7.5820
  0.0000  0.0000
  3.0610 11.4400
 10.8600  0.0000
  8.1660  1.5000
  0.0000  1.7110
 24.0700 11.5000
 19.0100 10.6300
  0.0000  0.0000
  8.2370  4.0480
  0.0000  0.0000
  2.1530 10.5300
  0.6458  0.0000
  3.0010  6.5440
  0.0000 11.9200
  0.0000  0.0000
  2.1160  6.3040
  1.2560 13.8200
  4.8690  1.3730
  1.4020  0.0000
  0.0000  4.8810
  5.8800  0.0000
  1.8860  0.1947
  0.0000  6.6860
  1.9930  0.0000
  0.0000  0.1010
  2.5980  8.9820
  0.0000  0.0000
  1.4540  5.6430
  3.2550 15.8200

==== D. Genus GLMMs: habitat supported by AICc (dAICc < -2) ====
Genera with dAICc < -2: 9 | genera with LR q < 0.05: 5 
          genus             order dAICc_habitat omnibus_q   PvF_q
       Acephala        Helotiales       -9.7820   0.02866      NA
      Conlarium   Atractosporales       -8.4940   0.02866      NA
 Capnobotryella Mycosphaerellales       -6.3840   0.04243 0.01406
   Oidiodendron        Helotiales       -6.3230   0.04243 0.01406
    Trichoderma       Hypocreales       -5.6950   0.04647 0.33060
       Pezicula        Helotiales       -4.5480   0.06872 0.14630
   Cephalotheca   Cephalothecales       -3.1720   0.11620 0.54910
  Cyphellophora   Chaetothyriales       -2.9220   0.11620      NA
   Cladosporium    Cladosporiales       -2.6670   0.11740 0.09897
        Lachnum        Helotiales       -0.3974   0.25270 0.98750
   Gyoerffyella        Helotiales       -0.2148   0.25710 0.01309
    Serendipita       Sebacinales        0.8289   0.35540 0.18380
   Sclerococcum    Sclerococcales        1.7220   0.43080 0.64760
    Coniochaeta    Coniochaetales        2.1840   0.49830 0.23290
       Capronia   Chaetothyriales        2.1870   0.49830 0.41090
       Pezoloma        Helotiales        2.9090   0.53210      NA
    Hyaloscypha        Helotiales        4.2470   0.71290 0.53430
    Leohumicola        Helotiales        4.4530   0.74270 0.54910
 published_fig4C
            TRUE
           FALSE
           FALSE
            TRUE
           FALSE
            TRUE
           FALSE
           FALSE
           FALSE
            TRUE
            TRUE
            TRUE
            TRUE
            TRUE
            TRUE
            TRUE
            TRUE
            TRUE

==== E. Family screening on rarefied values (AIC comparable across scales) ====
 metric       family   AICc    dAICc
 TD q=0     gaussian 618.40  0.00000
 TD q=0 lognormal_lm 629.10 10.71000
 TD q=0    gamma_log 621.30  2.93400
 TD q=1     gaussian 456.90 18.37000
 TD q=1 lognormal_lm 440.90  2.31500
 TD q=1    gamma_log 438.50  0.00000
 TD q=2     gaussian 386.50 22.09000
 TD q=2 lognormal_lm 364.50  0.00000
 TD q=2    gamma_log 364.50  0.09341
 PD q=0     gaussian 361.10  0.00000
 PD q=0 lognormal_lm 373.10 11.99000
 PD q=0    gamma_log 366.70  5.56100
 PD q=1     gaussian  74.02 33.08000
 PD q=1 lognormal_lm  40.95  0.00000
 PD q=1    gamma_log  45.13  4.18200
 PD q=2     gaussian -46.20 16.88000
 PD q=2 lognormal_lm -63.08  0.00000
 PD q=2    gamma_log -61.20  1.87500

Done.
