
==== A1. Habitat x site interaction, leaving out one site at a time ====
 diversity q                             subset n_plants df1 df2      F
        TD 0                          all sites       60   4  50  1.500
        TD 0                        without BEL       45   3  37  1.720
        TD 0                        without DOM       45   2  38  0.852
        TD 0                         without MA       50   3  42  0.846
        TD 0                         without NV       40   2  33  2.910
        TD 0 NV + DOM only (complete gradients)       35   2  29  1.110
        TD 1                          all sites       60   4  50  1.430
        TD 1                        without BEL       45   3  37  1.380
        TD 1                        without DOM       45   2  38  1.780
        TD 1                         without MA       50   3  42  0.245
        TD 1                         without NV       40   2  33  3.200
        TD 1 NV + DOM only (complete gradients)       35   2  29  0.182
        TD 2                          all sites       60   4  50  1.400
        TD 2                        without BEL       45   3  37  1.070
        TD 2                        without DOM       45   2  38  2.100
        TD 2                         without MA       50   3  42  0.646
        TD 2                         without NV       40   2  33  2.510
        TD 2 NV + DOM only (complete gradients)       35   2  29  0.380
        PD 0                          all sites       60   4  50  1.000
        PD 0                        without BEL       45   3  37  1.060
        PD 0                        without DOM       45   2  38  0.584
        PD 0                         without MA       50   3  42  0.708
        PD 0                         without NV       40   2  33  1.820
        PD 0 NV + DOM only (complete gradients)       35   2  29  0.869
        PD 1                          all sites       60   4  50  3.810
        PD 1                        without BEL       45   3  37  4.300
        PD 1                        without DOM       45   2  38  1.780
        PD 1                         without MA       50   3  42  4.250
        PD 1                         without NV       40   2  33  3.240
        PD 1 NV + DOM only (complete gradients)       35   2  29  5.210
        PD 2                          all sites       60   4  50  7.270
        PD 2                        without BEL       45   3  37  9.460
        PD 2                        without DOM       45   2  38  1.550
        PD 2                         without MA       50   3  42  9.010
        PD 2                         without NV       40   2  33  5.450
        PD 2 NV + DOM only (complete gradients)       35   2  29 12.700
        p
 2.17e-01
 1.79e-01
 4.34e-01
 4.77e-01
 6.85e-02
 3.43e-01
 2.37e-01
 2.65e-01
 1.83e-01
 8.64e-01
 5.39e-02
 8.34e-01
 2.47e-01
 3.76e-01
 1.37e-01
 5.90e-01
 9.63e-02
 6.87e-01
 4.16e-01
 3.76e-01
 5.62e-01
 5.53e-01
 1.77e-01
 4.30e-01
 8.86e-03
 1.07e-02
 1.82e-01
 1.04e-02
 5.19e-02
 1.16e-02
 1.07e-04
 8.99e-05
 2.26e-01
 1.00e-04
 9.03e-03
 1.07e-04

==== A2. Site-specific means (PD q = 1, 2; back-transformed) ====
 q site   habitat response lower upper
 1  BEL    forest    1.440 1.240 1.660
 1  BEL subparamo    1.290 1.050 1.580
 1  DOM    forest    2.210 1.800 2.710
 1  DOM subparamo    1.310 1.070 1.600
 1  DOM    paramo    1.220 0.998 1.500
 1   MA subparamo    1.020 0.833 1.250
 1   MA    paramo    1.120 0.911 1.370
 1   NV    forest    1.430 1.230 1.650
 1   NV subparamo    1.580 1.290 1.930
 1   NV    paramo    1.320 1.070 1.610
 2  BEL    forest    0.808 0.740 0.883
 2  BEL subparamo    0.720 0.636 0.815
 2  DOM    forest    1.250 1.110 1.420
 2  DOM subparamo    0.775 0.684 0.878
 2  DOM    paramo    0.806 0.712 0.913
 2   MA subparamo    0.698 0.616 0.791
 2   MA    paramo    0.677 0.598 0.767
 2   NV    forest    0.794 0.727 0.867
 2   NV subparamo    0.817 0.721 0.925
 2   NV    paramo    0.863 0.762 0.978

==== A2. Within-site habitat contrasts (PD q = 1, 2; ratios) ====
 q site           contrast ratio        p
 1  BEL forest / subparamo 1.110 3.92e-01
 1  DOM forest / subparamo 1.690 1.62e-03
 1  DOM    forest / paramo 1.810 3.83e-04
 1  DOM subparamo / paramo 1.070 8.90e-01
 1   MA subparamo / paramo 0.913 5.30e-01
 1   NV forest / subparamo 0.903 6.91e-01
 1   NV    forest / paramo 1.080 7.97e-01
 1   NV subparamo / paramo 1.200 4.19e-01
 2  BEL forest / subparamo 1.120 1.34e-01
 2  DOM forest / subparamo 1.620 4.20e-06
 2  DOM    forest / paramo 1.550 2.01e-05
 2  DOM subparamo / paramo 0.961 8.95e-01
 2   MA subparamo / paramo 1.030 7.35e-01
 2   NV forest / subparamo 0.972 9.27e-01
 2   NV    forest / paramo 0.919 5.16e-01
 2   NV subparamo / paramo 0.946 8.01e-01

==== A3. Influential plants (Cook's D > 4/n) and interaction without them ====
 diversity q   plant site   habitat estimate cooks_d
        PD 1 DOM_3_5  DOM    forest    4.000  0.4010
        PD 1 DOM_2_2  DOM subparamo    1.810  0.0913
        PD 2  NV_1_3   NV    paramo    1.210  0.2550
        PD 2 DOM_3_5  DOM    forest    1.580  0.1140
        PD 2  NV_2_4   NV subparamo    0.646  0.0708
 interaction_p_without_flagged interaction_F_without_flagged
                      0.029200                          2.95
                      0.029200                          2.95
                      0.000387                          6.29
                      0.000387                          6.29
                      0.000387                          6.29

==== B2. Parallelism of lineage trends (likelihood-ratio tests) ====
       order                  test chisq df      p published_elev_coef
  helotiales elevation x site (LR)  7.40  3 0.0601             0.00101
  helotiales   habitat x site (LR)  9.89  4 0.0424             0.00101
 sebacinales elevation x site (LR)  3.40  3 0.3340            -0.00100
 sebacinales   habitat x site (LR)  6.20  4 0.1850            -0.00100
 published_elev_p
           0.0166
           0.0166
           0.0330
           0.0330

==== B2. Site-specific elevation slopes (proportion scale, per 100 m) ====
       order site     slope   lower     upper        p
  helotiales  BEL  0.027800 -0.0135  0.069100 1.87e-01
  helotiales  DOM  0.056600  0.0287  0.084500 7.07e-05
  helotiales   MA  0.009610 -0.0634  0.082600 7.97e-01
  helotiales   NV  0.000119 -0.0259  0.026200 9.93e-01
 sebacinales  BEL -0.005280 -0.0104 -0.000196 4.18e-02
 sebacinales  DOM -0.022000 -0.0444  0.000502 5.53e-02
 sebacinales   MA  0.000492 -0.0188  0.019800 9.60e-01
 sebacinales   NV -0.002070 -0.0151  0.011000 7.56e-01

==== B3. PD interaction with lineage dominance as covariate ====
 diversity q hel_assoc_slope hel_assoc_p seb_assoc_slope seb_assoc_p
        PD 1         -0.0528    1.78e-01          0.0183     0.52700
        PD 1         -0.0528    1.78e-01          0.0183     0.52700
        PD 1         -0.0528    1.78e-01          0.0183     0.52700
        PD 1         -0.0528    1.78e-01          0.0183     0.52700
        PD 2         -0.1040    1.26e-05          0.0501     0.00607
        PD 2         -0.1040    1.26e-05          0.0501     0.00607
        PD 2         -0.1040    1.26e-05          0.0501     0.00607
        PD 2         -0.1040    1.26e-05          0.0501     0.00607
                covariate n_plants df1 df2    F        p
                     none       60   4  50 3.81 0.008860
       Helotiales (logit)       60   4  49 3.19 0.020900
      Sebacinales (logit)       60   4  49 3.60 0.011800
 Helotiales + Sebacinales       60   4  48 3.11 0.023500
                     none       60   4  50 7.27 0.000107
       Helotiales (logit)       60   4  49 4.51 0.003500
      Sebacinales (logit)       60   4  49 6.33 0.000347
 Helotiales + Sebacinales       60   4  48 4.26 0.004960

Figure: figures/diag_parallelism_sites.png
Done.
